// Jest Snapshot v1, https://goo.gl/fbAQLP

exports[`UI reducer should return the default state if no state is provided 1`] = `
Object {
  "isMessageDetailOpen": false,
}
`;
