// Jest Snapshot v1, https://goo.gl/fbAQLP

exports[`Thread action should return an action of type RECEIVE_THREAD 1`] = `
Object {
  "thread": Object {
    "id": "1",
  },
  "type": "RECEIVE_THREAD",
}
`;
